/Users/carlos.diaz/Library/Containers/com.microsoft.rdc.macos/Data/tmp/F7C02097-E6F9-486C-A244-2B376DF8EE7A/geckodriver.exe"tation" no se reconoce como un comando interno o externo,
programa o archivo por lotes ejecutable.

C:\Users\fractalsof\Documents\Edimca>
C:\Users\fractalsof\Documents\Edimca>Hilo 2: Error occurred - Message: Unable to
 locate or obtain driver for firefox;
"Hilo" no se reconoce como un comando interno o externo,
programa o archivo por lotes ejecutable.

C:\Users\fractalsof\Documents\Edimca> For documentation on this error, please vi
sit: https://www.selenium.dev/documen
No se esperaba documentation en este momento.

C:\Users\fractalsof\Documents\Edimca>tation/webdriver/troubleshooting/errors/dri
ver_location
"tation" no se reconoce como un comando interno o externo,
programa o archivo por lotes ejecutable.

C:\Users\fractalsof\Documents\Edimca>
C:\Users\fractalsof\Documents\Edimca>Hilo 3: Error occurred - Message: Unable to
 locate or obtain driver for firefox;
"Hilo" no se reconoce como un comando interno o externo,
programa o archivo por lotes ejecutable.

C:\Users\fractalsof\Documents\Edimca> For documentation on this error, please vi
sit: https://www.selenium.dev/documen
No se esperaba documentation en este momento.

C:\Users\fractalsof\Documents\Edimca>tation/webdriver/troubleshooting/errors/dri
ver_location
"tation" no se reconoce como un comando interno o externo,
programa o archivo por lotes ejecutable.

C:\Users\fractalsof\Documents\Edimca>
C:\Users\fractalsof\Documents\Edimca>Hilo 0: Error occurred - Message: Unable to
 locate or obtain driver for firefox;
"Hilo" no se reconoce como un comando interno o externo,
programa o archivo por lotes ejecutable.

C:\Users\fractalsof\Documents\Edimca> For documentation on this error, please vi
sit: https://www.selenium.dev/documen
No se esperaba documentation en este momento.

C:\Users\fractalsof\Documents\Edimca>tation/webdriver/troubleshooting/errors/dri
ver_location
"tation" no se reconoce como un comando interno o externo,
programa o archivo por lotes ejecutable.

C:\Users\fractalsof\Documents\Edimca>
C:\Users\fractalsof\Documents\Edimca>
C:\Users\fractalsof\Documents\Edimca>C:\Users\fractalsof\Documents\Edimca>python
 test1.py
"C:\Users\fractalsof\Documents\Edimca" no se reconoce como un comando interno o
externo,
programa o archivo por lotes ejecutable.

C:\Users\fractalsof\Documents\Edimca>Hilo 0: iniciado
"Hilo" no se reconoce como un comando interno o externo,
programa o archivo por lotes ejecutable.

C:\Users\fractalsof\Documents\Edimca>Hilo 1: iniciado
"Hilo" no se reconoce como un comando interno o externo,
programa o archivo por lotes ejecutable.

C:\Users\fractalsof\Documents\Edimca>Hilo 2: iniciado
"Hilo" no se reconoce como un comando interno o externo,
programa o archivo por lotes ejecutable.

C:\Users\fractalsof\Documents\Edimca>Hilo 3: iniciado
"Hilo" no se reconoce como un comando interno o externo,
programa o archivo por lotes ejecutable.

C:\Users\fractalsof\Documents\Edimca>Hilo 4: iniciado
"Hilo" no se reconoce como un comando interno o externo,
programa o archivo por lotes ejecutable.

C:\Users\fractalsof\Documents\Edimca>Hilo 2: Error occurred - [WinError 193] %1
no es una aplicación Win32 válida
"Hilo" no se reconoce como un comando interno o externo,
programa o archivo por lotes ejecutable.

C:\Users\fractalsof\Documents\Edimca>Hilo 0: Error occurred - [WinError 193] %1
no es una aplicación Win32 válida
"Hilo" no se reconoce como un comando interno o externo,
programa o archivo por lotes ejecutable.

C:\Users\fractalsof\Documents\Edimca>Hilo 1: Error occurred - [WinError 193] %1
no es una aplicación Win32 válida
"Hilo" no se reconoce como un comando interno o externo,
programa o archivo por lotes ejecutable.

C:\Users\fractalsof\Documents\Edimca>Hilo 3: Error occurred - [WinError 193] %1
no es una aplicación Win32 válida
"Hilo" no se reconoce como un comando interno o externo,
programa o archivo por lotes ejecutable.

C:\Users\fractalsof\Documents\Edimca>Hilo 4: Error occurred - [WinError 193] %1
no es una aplicación Win32 válida
"Hilo" no se reconoce como un comando interno o externo,
programa o archivo por lotes ejecutable.

C:\Users\fractalsof\Documents\Edimca>
C:\Users\fractalsof\Documents\Edimca>C:\Users\fractalsof\Documents\Edimca>python
 test1.py
"C:\Users\fractalsof\Documents\Edimca" no se reconoce como un comando interno o
externo,
programa o archivo por lotes ejecutable.

C:\Users\fractalsof\Documents\Edimca>Hilo 0: iniciado
"Hilo" no se reconoce como un comando interno o externo,
programa o archivo por lotes ejecutable.

C:\Users\fractalsof\Documents\Edimca>Hilo 1: iniciado
"Hilo" no se reconoce como un comando interno o externo,
programa o archivo por lotes ejecutable.

C:\Users\fractalsof\Documents\Edimca>Hilo 2: iniciado
"Hilo" no se reconoce como un comando interno o externo,
programa o archivo por lotes ejecutable.

C:\Users\fractalsof\Documents\Edimca>Hilo 3: iniciado
"Hilo" no se reconoce como un comando interno o externo,
programa o archivo por lotes ejecutable.

C:\Users\fractalsof\Documents\Edimca>Hilo 4: iniciado
"Hilo" no se reconoce como un comando interno o externo,
programa o archivo por lotes ejecutable.

C:\Users\fractalsof\Documents\Edimca>Hilo 4: Navegador iniciado, accediendo a ht
tp://172.16.148.130:5000/login#/login
"Hilo" no se reconoce como un comando interno o externo,
programa o archivo por lotes ejecutable.

C:\Users\fractalsof\Documents\Edimca>
C:\Users\fractalsof\Documents\Edimca>Hilo 3: Navegador iniciado, accediendo a ht
tp://172.16.148.130:5000/login#/login
"Hilo" no se reconoce como un comando interno o externo,
programa o archivo por lotes ejecutable.

C:\Users\fractalsof\Documents\Edimca>
C:\Users\fractalsof\Documents\Edimca>Hilo 1: Navegador iniciado, accediendo a ht
tp://172.16.148.130:5000/login#/login
"Hilo" no se reconoce como un comando interno o externo,
programa o archivo por lotes ejecutable.

C:\Users\fractalsof\Documents\Edimca>
C:\Users\fractalsof\Documents\Edimca>Hilo 0: Navegador iniciado, accediendo a ht
tp://172.16.148.130:5000/login#/login
"Hilo" no se reconoce como un comando interno o externo,
programa o archivo por lotes ejecutable.

C:\Users\fractalsof\Documents\Edimca>
C:\Users\fractalsof\Documents\Edimca>Hilo 2: Navegador iniciado, accediendo a ht
tp://172.16.148.130:5000/login#/login
"Hilo" no se reconoce como un comando interno o externo,
programa o archivo por lotes ejecutable.

C:\Users\fractalsof\Documents\Edimca>
C:\Users\fractalsof\Documents\Edimca>Hilo 3: Ingresando cantidades de material
"Hilo" no se reconoce como un comando interno o externo,
programa o archivo por lotes ejecutable.

C:\Users\fractalsof\Documents\Edimca>Hilo 4: Ingresando cantidades de material
"Hilo" no se reconoce como un comando interno o externo,
programa o archivo por lotes ejecutable.

C:\Users\fractalsof\Documents\Edimca>Hilo 0: Ingresando cantidades de material
"Hilo" no se reconoce como un comando interno o externo,
programa o archivo por lotes ejecutable.

C:\Users\fractalsof\Documents\Edimca>Hilo 2: Ingresando cantidades de material
"Hilo" no se reconoce como un comando interno o externo,
programa o archivo por lotes ejecutable.

C:\Users\fractalsof\Documents\Edimca>Hilo 3: Error occurred - Message:
"Hilo" no se reconoce como un comando interno o externo,
programa o archivo por lotes ejecutable.

C:\Users\fractalsof\Documents\Edimca>Stacktrace:
"Stacktrace:" no se reconoce como un comando interno o externo,
programa o archivo por lotes ejecutable.

C:\Users\fractalsof\Documents\Edimca>RemoteError@chrome://remote/content/shared/
RemoteError.sys.mjs:8:8
"RemoteError@chrome:" no se reconoce como un comando interno o externo,
programa o archivo por lotes ejecutable.

C:\Users\fractalsof\Documents\Edimca>WebDriverError@chrome://remote/content/shar
ed/webdriver/Errors.sys.mjs:187:5
"WebDriverError@chrome:" no se reconoce como un comando interno o externo,
programa o archivo por lotes ejecutable.

C:\Users\fractalsof\Documents\Edimca>NoSuchElementError@chrome://remote/content/
shared/webdriver/Errors.sys.mjs:505:5
"NoSuchElementError@chrome:" no se reconoce como un comando interno o externo,
programa o archivo por lotes ejecutable.

C:\Users\fractalsof\Documents\Edimca>
C:\Users\fractalsof\Documents\Edimca>element.find/</<@chrome://remote/content/ma
rionette/element.sys.mjs:135:16
El nombre de archivo, el nombre de directorio o la sintaxis de la etiqueta del v
olumen no son correctos.
C:\Users\fractalsof\Documents\Edimca>
C:\Users\fractalsof\Documents\Edimca>Hilo 4: Error occurred - Message:
"Hilo" no se reconoce como un comando interno o externo,
programa o archivo por lotes ejecutable.

C:\Users\fractalsof\Documents\Edimca>Stacktrace:
"Stacktrace:" no se reconoce como un comando interno o externo,
programa o archivo por lotes ejecutable.

C:\Users\fractalsof\Documents\Edimca>RemoteError@chrome://remote/content/shared/
RemoteError.sys.mjs:8:8
"RemoteError@chrome:" no se reconoce como un comando interno o externo,
programa o archivo por lotes ejecutable.

C:\Users\fractalsof\Documents\Edimca>WebDriverError@chrome://remote/content/shar
ed/webdriver/Errors.sys.mjs:187:5
"WebDriverError@chrome:" no se reconoce como un comando interno o externo,
programa o archivo por lotes ejecutable.

C:\Users\fractalsof\Documents\Edimca>NoSuchElementError@chrome://remote/content/
shared/webdriver/Errors.sys.mjs:505:5
"NoSuchElementError@chrome:" no se reconoce como un comando interno o externo,
programa o archivo por lotes ejecutable.

C:\Users\fractalsof\Documents\Edimca>
C:\Users\fractalsof\Documents\Edimca>element.find/</<@chrome://remote/content/ma
rionette/element.sys.mjs:135:16
El nombre de archivo, el nombre de directorio o la sintaxis de la etiqueta del v
olumen no son correctos.
C:\Users\fractalsof\Documents\Edimca>
C:\Users\fractalsof\Documents\Edimca>Hilo 0: Error occurred - Message:
"Hilo" no se reconoce como un comando interno o externo,
programa o archivo por lotes ejecutable.

C:\Users\fractalsof\Documents\Edimca>Stacktrace:
"Stacktrace:" no se reconoce como un comando interno o externo,
programa o archivo por lotes ejecutable.

C:\Users\fractalsof\Documents\Edimca>RemoteError@chrome://remote/content/shared/
RemoteError.sys.mjs:8:8
"RemoteError@chrome:" no se reconoce como un comando interno o externo,
programa o archivo por lotes ejecutable.

C:\Users\fractalsof\Documents\Edimca>WebDriverError@chrome://remote/content/shar
ed/webdriver/Errors.sys.mjs:187:5
"WebDriverError@chrome:" no se reconoce como un comando interno o externo,
programa o archivo por lotes ejecutable.

C:\Users\fractalsof\Documents\Edimca>NoSuchElementError@chrome://remote/content/
shared/webdriver/Errors.sys.mjs:505:5
"NoSuchElementError@chrome:" no se reconoce como un comando interno o externo,
programa o archivo por lotes ejecutable.

C:\Users\fractalsof\Documents\Edimca>
C:\Users\fractalsof\Documents\Edimca>element.find/</<@chrome://remote/content/ma
rionette/element.sys.mjs:135:16
El nombre de archivo, el nombre de directorio o la sintaxis de la etiqueta del v
olumen no son correctos.
C:\Users\fractalsof\Documents\Edimca>
C:\Users\fractalsof\Documents\Edimca>Hilo 2: Error occurred - Message:
"Hilo" no se reconoce como un comando interno o externo,
programa o archivo por lotes ejecutable.

C:\Users\fractalsof\Documents\Edimca>Stacktrace:
"Stacktrace:" no se reconoce como un comando interno o externo,
programa o archivo por lotes ejecutable.

C:\Users\fractalsof\Documents\Edimca>RemoteError@chrome://remote/content/shared/
RemoteError.sys.mjs:8:8
"RemoteError@chrome:" no se reconoce como un comando interno o externo,
programa o archivo por lotes ejecutable.

C:\Users\fractalsof\Documents\Edimca>WebDriverError@chrome://remote/content/shar
ed/webdriver/Errors.sys.mjs:187:5
"WebDriverError@chrome:" no se reconoce como un comando interno o externo,
programa o archivo por lotes ejecutable.

C:\Users\fractalsof\Documents\Edimca>NoSuchElementError@chrome://remote/content/
shared/webdriver/Errors.sys.mjs:505:5
"NoSuchElementError@chrome:" no se reconoce como un comando interno o externo,
programa o archivo por lotes ejecutable.

C:\Users\fractalsof\Documents\Edimca>
C:\Users\fractalsof\Documents\Edimca>element.find/</<@chrome://remote/content/ma
rionette/element.sys.mjs:135:16
El nombre de archivo, el nombre de directorio o la sintaxis de la etiqueta del v
olumen no son correctos.
C:\Users\fractalsof\Documents\Edimca>
C:\Users\fractalsof\Documents\Edimca>Hilo 1: Ingresando cantidades de material
"Hilo" no se reconoce como un comando interno o externo,
programa o archivo por lotes ejecutable.

C:\Users\fractalsof\Documents\Edimca>Hilo 1: Tarea completada
"Hilo" no se reconoce como un comando interno o externo,
programa o archivo por lotes ejecutable.

C:\Users\fractalsof\Documents\Edimca>
C:\Users\fractalsof\Documents\Edimca>C:\Users\fractalsof\Documents\Edimca>